// Jest Snapshot v1, https://goo.gl/fbAQLP

exports[`app snap App 1`] = `
Object {
  "asFragment": [Function],
  "baseElement": <body>
    <div>
      <div>
        <div>
          <header
            class="MuiPaper-root MuiPaper-elevation MuiPaper-elevation4 MuiAppBar-root MuiAppBar-colorPrimary MuiAppBar-positionStatic css-hip9hq-MuiPaper-root-MuiAppBar-root"
          >
            <div
              class="MuiToolbar-root MuiToolbar-gutters MuiToolbar-regular css-1t29gy6-MuiToolbar-root"
            >
              <h5
                class="MuiTypography-root MuiTypography-h5 css-1f8a19r-MuiTypography-root"
              >
                Weather Report
              </h5>
              <form
                action=""
              >
                <input
                  id="browsers"
                  name="name"
                  placeholder="enter country name"
                  style="height: 2rem; margin: 10px;"
                  type="text"
                  value=""
                />
                <button
                  disabled=""
                  style="height: 2.4rem; color: black; margin-top: 5px;"
                  type="submit"
                >
                  Search
                </button>
              </form>
            </div>
          </header>
        </div>
      </div>
    </div>
  </body>,
  "container": <div>
    <div>
      <div>
        <header
          class="MuiPaper-root MuiPaper-elevation MuiPaper-elevation4 MuiAppBar-root MuiAppBar-colorPrimary MuiAppBar-positionStatic css-hip9hq-MuiPaper-root-MuiAppBar-root"
        >
          <div
            class="MuiToolbar-root MuiToolbar-gutters MuiToolbar-regular css-1t29gy6-MuiToolbar-root"
          >
            <h5
              class="MuiTypography-root MuiTypography-h5 css-1f8a19r-MuiTypography-root"
            >
              Weather Report
            </h5>
            <form
              action=""
            >
              <input
                id="browsers"
                name="name"
                placeholder="enter country name"
                style="height: 2rem; margin: 10px;"
                type="text"
                value=""
              />
              <button
                disabled=""
                style="height: 2.4rem; color: black; margin-top: 5px;"
                type="submit"
              >
                Search
              </button>
            </form>
          </div>
        </header>
      </div>
    </div>
  </div>,
  "debug": [Function],
  "findAllByAltText": [Function],
  "findAllByDisplayValue": [Function],
  "findAllByLabelText": [Function],
  "findAllByPlaceholderText": [Function],
  "findAllByRole": [Function],
  "findAllByTestId": [Function],
  "findAllByText": [Function],
  "findAllByTitle": [Function],
  "findByAltText": [Function],
  "findByDisplayValue": [Function],
  "findByLabelText": [Function],
  "findByPlaceholderText": [Function],
  "findByRole": [Function],
  "findByTestId": [Function],
  "findByText": [Function],
  "findByTitle": [Function],
  "getAllByAltText": [Function],
  "getAllByDisplayValue": [Function],
  "getAllByLabelText": [Function],
  "getAllByPlaceholderText": [Function],
  "getAllByRole": [Function],
  "getAllByTestId": [Function],
  "getAllByText": [Function],
  "getAllByTitle": [Function],
  "getByAltText": [Function],
  "getByDisplayValue": [Function],
  "getByLabelText": [Function],
  "getByPlaceholderText": [Function],
  "getByRole": [Function],
  "getByTestId": [Function],
  "getByText": [Function],
  "getByTitle": [Function],
  "queryAllByAltText": [Function],
  "queryAllByDisplayValue": [Function],
  "queryAllByLabelText": [Function],
  "queryAllByPlaceholderText": [Function],
  "queryAllByRole": [Function],
  "queryAllByTestId": [Function],
  "queryAllByText": [Function],
  "queryAllByTitle": [Function],
  "queryByAltText": [Function],
  "queryByDisplayValue": [Function],
  "queryByLabelText": [Function],
  "queryByPlaceholderText": [Function],
  "queryByRole": [Function],
  "queryByTestId": [Function],
  "queryByText": [Function],
  "queryByTitle": [Function],
  "rerender": [Function],
  "unmount": [Function],
}
`;
